// Jest Snapshot v1, https://goo.gl/fbAQLP

exports[`Card renders without errors and matches snapshot 1`] = `
<div
  class="sc-bdfBwQ hUyrMc"
  id=""
/>
`;
