// Jest Snapshot v1, https://goo.gl/fbAQLP

exports[`Button renders without errors and matches snapshot 1`] = `
<button
  class="sc-bdfBwQ fgPrFZ"
  id=""
  type="button"
>
  
  <span
    class="sc-gsTCUz gffxlH"
  >
    Button
  </span>
</button>
`;
