// Jest Snapshot v1, https://goo.gl/fbAQLP

exports[`Image renders without errors and matches snapshot 1`] = `
<div
  class="sc-dlfnbm eUChx"
  data-testid="image-placeholder"
/>
`;
